Physical group name boundary has 0 Tetrahedra.
Physical group name boundary has 0 Triangles.
Physical group name boundary has 512 Lines.
Physical group name boundary has 512 Points.
Physical group name bulk has 0 Tetrahedra.
Physical group name bulk has 32768 Triangles.
Physical group name bulk has 49408 Lines.
Physical group name bulk has 16641 Points.
Device bench has 16641 coordinates with max index 16640
Region bulk has 16641 nodes.
Contact boundary in region bulk with 512 nodes
number of equations 16641
Iteration: 0
  Device: "bench"	RelError: 1.00000e+00	AbsError: 1.00005e+00
    Region: "bulk"	RelError: 1.00000e+00	AbsError: 1.00005e+00
      Equation: "Poisson"	RelError: 1.00000e+00	AbsError: 1.00005e+00
Iteration: 1
  Device: "bench"	RelError: 3.26926e-14	AbsError: 2.69076e-14
    Region: "bulk"	RelError: 3.26926e-14	AbsError: 2.69076e-14
      Equation: "Poisson"	RelError: 3.26926e-14	AbsError: 2.69076e-14
Physical group name boundary has 0 Tetrahedra.
Physical group name boundary has 0 Triangles.
Physical group name boundary has 512 Lines.
Physical group name boundary has 512 Points.
Physical group name bulk has 0 Tetrahedra.
Physical group name bulk has 32768 Triangles.
Physical group name bulk has 49408 Lines.
Physical group name bulk has 16641 Points.
Device bench has 16641 coordinates with max index 16640
Region bulk has 16641 nodes.
Contact boundary in region bulk with 512 nodes
number of equations 16641
Iteration: 0
  Device: "bench"	RelError: 1.00000e+00	AbsError: 1.00005e+00
    Region: "bulk"	RelError: 1.00000e+00	AbsError: 1.00005e+00
      Equation: "Poisson"	RelError: 1.00000e+00	AbsError: 1.00005e+00
Iteration: 1
  Device: "bench"	RelError: 3.26926e-14	AbsError: 2.69076e-14
    Region: "bulk"	RelError: 3.26926e-14	AbsError: 2.69076e-14
      Equation: "Poisson"	RelError: 3.26926e-14	AbsError: 2.69076e-14
Physical group name boundary has 0 Tetrahedra.
Physical group name boundary has 0 Triangles.
Physical group name boundary has 512 Lines.
Physical group name boundary has 512 Points.
Physical group name bulk has 0 Tetrahedra.
Physical group name bulk has 32768 Triangles.
Physical group name bulk has 49408 Lines.
Physical group name bulk has 16641 Points.
Device bench has 16641 coordinates with max index 16640
Region bulk has 16641 nodes.
Contact boundary in region bulk with 512 nodes
number of equations 16641
Iteration: 0
  Device: "bench"	RelError: 1.00000e+00	AbsError: 1.00005e+00
    Region: "bulk"	RelError: 1.00000e+00	AbsError: 1.00005e+00
      Equation: "Poisson"	RelError: 1.00000e+00	AbsError: 1.00005e+00
Iteration: 1
  Device: "bench"	RelError: 3.26926e-14	AbsError: 2.69076e-14
    Region: "bulk"	RelError: 3.26926e-14	AbsError: 2.69076e-14
      Equation: "Poisson"	RelError: 3.26926e-14	AbsError: 2.69076e-14
Physical group name boundary has 0 Tetrahedra.
Physical group name boundary has 0 Triangles.
Physical group name boundary has 512 Lines.
Physical group name boundary has 512 Points.
Physical group name bulk has 0 Tetrahedra.
Physical group name bulk has 32768 Triangles.
Physical group name bulk has 49408 Lines.
Physical group name bulk has 16641 Points.
Device bench has 16641 coordinates with max index 16640
Region bulk has 16641 nodes.
Contact boundary in region bulk with 512 nodes
number of equations 16641
Iteration: 0
  Device: "bench"	RelError: 1.00000e+00	AbsError: 1.00005e+00
    Region: "bulk"	RelError: 1.00000e+00	AbsError: 1.00005e+00
      Equation: "Poisson"	RelError: 1.00000e+00	AbsError: 1.00005e+00
Iteration: 1
  Device: "bench"	RelError: 3.26926e-14	AbsError: 2.69076e-14
    Region: "bulk"	RelError: 3.26926e-14	AbsError: 2.69076e-14
      Equation: "Poisson"	RelError: 3.26926e-14	AbsError: 2.69076e-14
Physical group name boundary has 0 Tetrahedra.
Physical group name boundary has 0 Triangles.
Physical group name boundary has 512 Lines.
Physical group name boundary has 512 Points.
Physical group name bulk has 0 Tetrahedra.
Physical group name bulk has 32768 Triangles.
Physical group name bulk has 49408 Lines.
Physical group name bulk has 16641 Points.
Device bench has 16641 coordinates with max index 16640
Region bulk has 16641 nodes.
Contact boundary in region bulk with 512 nodes
number of equations 16641
Iteration: 0
  Device: "bench"	RelError: 1.00000e+00	AbsError: 1.00005e+00
    Region: "bulk"	RelError: 1.00000e+00	AbsError: 1.00005e+00
      Equation: "Poisson"	RelError: 1.00000e+00	AbsError: 1.00005e+00
Iteration: 1
  Device: "bench"	RelError: 3.26926e-14	AbsError: 2.69076e-14
    Region: "bulk"	RelError: 3.26926e-14	AbsError: 2.69076e-14
      Equation: "Poisson"	RelError: 3.26926e-14	AbsError: 2.69076e-14
Physical group name boundary has 0 Tetrahedra.
Physical group name boundary has 0 Triangles.
Physical group name boundary has 512 Lines.
Physical group name boundary has 512 Points.
Physical group name bulk has 0 Tetrahedra.
Physical group name bulk has 32768 Triangles.
Physical group name bulk has 49408 Lines.
Physical group name bulk has 16641 Points.
Device bench has 16641 coordinates with max index 16640
Region bulk has 16641 nodes.
Contact boundary in region bulk with 512 nodes
number of equations 16641
Iteration: 0
  Device: "bench"	RelError: 1.00000e+00	AbsError: 1.00005e+00
    Region: "bulk"	RelError: 1.00000e+00	AbsError: 1.00005e+00
      Equation: "Poisson"	RelError: 1.00000e+00	AbsError: 1.00005e+00
Iteration: 1
  Device: "bench"	RelError: 3.26926e-14	AbsError: 2.69076e-14
    Region: "bulk"	RelError: 3.26926e-14	AbsError: 2.69076e-14
      Equation: "Poisson"	RelError: 3.26926e-14	AbsError: 2.69076e-14
Transforming over 1000 vertices to C_CONTIGUOUS.
Transforming over 1000 elements to C_CONTIGUOUS.
Transforming over 1000 vertices to C_CONTIGUOUS.
Transforming over 1000 elements to C_CONTIGUOUS.
