Physical group name bottom has 0 Tetrahedra.
Physical group name bottom has 0 Triangles.
Physical group name bottom has 128 Lines.
Physical group name bottom has 129 Points.
Physical group name gate has 0 Tetrahedra.
Physical group name gate has 0 Triangles.
Physical group name gate has 128 Lines.
Physical group name gate has 129 Points.
Physical group name interface has 0 Tetrahedra.
Physical group name interface has 0 Triangles.
Physical group name interface has 128 Lines.
Physical group name interface has 129 Points.
Physical group name oxide has 0 Tetrahedra.
Physical group name oxide has 8192 Triangles.
Physical group name oxide has 12448 Lines.
Physical group name oxide has 4257 Points.
Physical group name silicon has 0 Tetrahedra.
Physical group name silicon has 24576 Triangles.
Physical group name silicon has 37088 Lines.
Physical group name silicon has 12513 Points.
Device cap has 16641 coordinates with max index 16640
Region oxide has 4257 nodes.
Region silicon has 12513 nodes.
Contact bottom in region silicon with 129 nodes
Contact gate in region oxide with 129 nodes
Adding interface interface with 129, 129 nodes
number of equations 16770
Iteration: 0
  Device: "cap"	RelError: 2.00000e+00	AbsError: 1.00000e+00
    Region: "oxide"	RelError: 1.00000e+00	AbsError: 1.00000e+00
      Equation: "Poisson"	RelError: 1.00000e+00	AbsError: 1.00000e+00
    Region: "silicon"	RelError: 1.00000e+00	AbsError: 7.50000e-01
      Equation: "Poisson"	RelError: 1.00000e+00	AbsError: 7.50000e-01
Iteration: 1
  Device: "cap"	RelError: 5.82222e-13	AbsError: 1.82153e-13
    Region: "oxide"	RelError: 2.07580e-13	AbsError: 1.55685e-13
      Equation: "Poisson"	RelError: 2.07580e-13	AbsError: 1.55685e-13
    Region: "silicon"	RelError: 3.74642e-13	AbsError: 1.82153e-13
      Equation: "Poisson"	RelError: 3.74642e-13	AbsError: 1.82153e-13
Physical group name bottom has 0 Tetrahedra.
Physical group name bottom has 0 Triangles.
Physical group name bottom has 128 Lines.
Physical group name bottom has 129 Points.
Physical group name gate has 0 Tetrahedra.
Physical group name gate has 0 Triangles.
Physical group name gate has 128 Lines.
Physical group name gate has 129 Points.
Physical group name interface has 0 Tetrahedra.
Physical group name interface has 0 Triangles.
Physical group name interface has 128 Lines.
Physical group name interface has 129 Points.
Physical group name oxide has 0 Tetrahedra.
Physical group name oxide has 8192 Triangles.
Physical group name oxide has 12448 Lines.
Physical group name oxide has 4257 Points.
Physical group name silicon has 0 Tetrahedra.
Physical group name silicon has 24576 Triangles.
Physical group name silicon has 37088 Lines.
Physical group name silicon has 12513 Points.
Device cap has 16641 coordinates with max index 16640
Region oxide has 4257 nodes.
Region silicon has 12513 nodes.
Contact bottom in region silicon with 129 nodes
Contact gate in region oxide with 129 nodes
Adding interface interface with 129, 129 nodes
number of equations 16770
Iteration: 0
  Device: "cap"	RelError: 2.00000e+00	AbsError: 1.00000e+00
    Region: "oxide"	RelError: 1.00000e+00	AbsError: 1.00000e+00
      Equation: "Poisson"	RelError: 1.00000e+00	AbsError: 1.00000e+00
    Region: "silicon"	RelError: 1.00000e+00	AbsError: 7.50000e-01
      Equation: "Poisson"	RelError: 1.00000e+00	AbsError: 7.50000e-01
Iteration: 1
  Device: "cap"	RelError: 5.82222e-13	AbsError: 1.82153e-13
    Region: "oxide"	RelError: 2.07580e-13	AbsError: 1.55685e-13
      Equation: "Poisson"	RelError: 2.07580e-13	AbsError: 1.55685e-13
    Region: "silicon"	RelError: 3.74642e-13	AbsError: 1.82153e-13
      Equation: "Poisson"	RelError: 3.74642e-13	AbsError: 1.82153e-13
Physical group name bottom has 0 Tetrahedra.
Physical group name bottom has 0 Triangles.
Physical group name bottom has 128 Lines.
Physical group name bottom has 129 Points.
Physical group name gate has 0 Tetrahedra.
Physical group name gate has 0 Triangles.
Physical group name gate has 128 Lines.
Physical group name gate has 129 Points.
Physical group name interface has 0 Tetrahedra.
Physical group name interface has 0 Triangles.
Physical group name interface has 128 Lines.
Physical group name interface has 129 Points.
Physical group name oxide has 0 Tetrahedra.
Physical group name oxide has 8192 Triangles.
Physical group name oxide has 12448 Lines.
Physical group name oxide has 4257 Points.
Physical group name silicon has 0 Tetrahedra.
Physical group name silicon has 24576 Triangles.
Physical group name silicon has 37088 Lines.
Physical group name silicon has 12513 Points.
Device cap has 16641 coordinates with max index 16640
Region oxide has 4257 nodes.
Region silicon has 12513 nodes.
Contact bottom in region silicon with 129 nodes
Contact gate in region oxide with 129 nodes
Adding interface interface with 129, 129 nodes
number of equations 16770
Iteration: 0
  Device: "cap"	RelError: 2.00000e+00	AbsError: 1.00000e+00
    Region: "oxide"	RelError: 1.00000e+00	AbsError: 1.00000e+00
      Equation: "Poisson"	RelError: 1.00000e+00	AbsError: 1.00000e+00
    Region: "silicon"	RelError: 1.00000e+00	AbsError: 7.50000e-01
      Equation: "Poisson"	RelError: 1.00000e+00	AbsError: 7.50000e-01
Iteration: 1
  Device: "cap"	RelError: 5.82222e-13	AbsError: 1.82153e-13
    Region: "oxide"	RelError: 2.07580e-13	AbsError: 1.55685e-13
      Equation: "Poisson"	RelError: 2.07580e-13	AbsError: 1.55685e-13
    Region: "silicon"	RelError: 3.74642e-13	AbsError: 1.82153e-13
      Equation: "Poisson"	RelError: 3.74642e-13	AbsError: 1.82153e-13
Physical group name bottom has 0 Tetrahedra.
Physical group name bottom has 0 Triangles.
Physical group name bottom has 128 Lines.
Physical group name bottom has 129 Points.
Physical group name gate has 0 Tetrahedra.
Physical group name gate has 0 Triangles.
Physical group name gate has 128 Lines.
Physical group name gate has 129 Points.
Physical group name interface has 0 Tetrahedra.
Physical group name interface has 0 Triangles.
Physical group name interface has 128 Lines.
Physical group name interface has 129 Points.
Physical group name oxide has 0 Tetrahedra.
Physical group name oxide has 8192 Triangles.
Physical group name oxide has 12448 Lines.
Physical group name oxide has 4257 Points.
Physical group name silicon has 0 Tetrahedra.
Physical group name silicon has 24576 Triangles.
Physical group name silicon has 37088 Lines.
Physical group name silicon has 12513 Points.
Device cap has 16641 coordinates with max index 16640
Region oxide has 4257 nodes.
Region silicon has 12513 nodes.
Contact bottom in region silicon with 129 nodes
Contact gate in region oxide with 129 nodes
Adding interface interface with 129, 129 nodes
number of equations 16770
Iteration: 0
  Device: "cap"	RelError: 2.00000e+00	AbsError: 1.00000e+00
    Region: "oxide"	RelError: 1.00000e+00	AbsError: 1.00000e+00
      Equation: "Poisson"	RelError: 1.00000e+00	AbsError: 1.00000e+00
    Region: "silicon"	RelError: 1.00000e+00	AbsError: 7.50000e-01
      Equation: "Poisson"	RelError: 1.00000e+00	AbsError: 7.50000e-01
Iteration: 1
  Device: "cap"	RelError: 5.82222e-13	AbsError: 1.82153e-13
    Region: "oxide"	RelError: 2.07580e-13	AbsError: 1.55685e-13
      Equation: "Poisson"	RelError: 2.07580e-13	AbsError: 1.55685e-13
    Region: "silicon"	RelError: 3.74642e-13	AbsError: 1.82153e-13
      Equation: "Poisson"	RelError: 3.74642e-13	AbsError: 1.82153e-13
Physical group name bottom has 0 Tetrahedra.
Physical group name bottom has 0 Triangles.
Physical group name bottom has 128 Lines.
Physical group name bottom has 129 Points.
Physical group name gate has 0 Tetrahedra.
Physical group name gate has 0 Triangles.
Physical group name gate has 128 Lines.
Physical group name gate has 129 Points.
Physical group name interface has 0 Tetrahedra.
Physical group name interface has 0 Triangles.
Physical group name interface has 128 Lines.
Physical group name interface has 129 Points.
Physical group name oxide has 0 Tetrahedra.
Physical group name oxide has 8192 Triangles.
Physical group name oxide has 12448 Lines.
Physical group name oxide has 4257 Points.
Physical group name silicon has 0 Tetrahedra.
Physical group name silicon has 24576 Triangles.
Physical group name silicon has 37088 Lines.
Physical group name silicon has 12513 Points.
Device cap has 16641 coordinates with max index 16640
Region oxide has 4257 nodes.
Region silicon has 12513 nodes.
Contact bottom in region silicon with 129 nodes
Contact gate in region oxide with 129 nodes
Adding interface interface with 129, 129 nodes
number of equations 16770
Iteration: 0
  Device: "cap"	RelError: 2.00000e+00	AbsError: 1.00000e+00
    Region: "oxide"	RelError: 1.00000e+00	AbsError: 1.00000e+00
      Equation: "Poisson"	RelError: 1.00000e+00	AbsError: 1.00000e+00
    Region: "silicon"	RelError: 1.00000e+00	AbsError: 7.50000e-01
      Equation: "Poisson"	RelError: 1.00000e+00	AbsError: 7.50000e-01
Iteration: 1
  Device: "cap"	RelError: 5.82222e-13	AbsError: 1.82153e-13
    Region: "oxide"	RelError: 2.07580e-13	AbsError: 1.55685e-13
      Equation: "Poisson"	RelError: 2.07580e-13	AbsError: 1.55685e-13
    Region: "silicon"	RelError: 3.74642e-13	AbsError: 1.82153e-13
      Equation: "Poisson"	RelError: 3.74642e-13	AbsError: 1.82153e-13
Physical group name bottom has 0 Tetrahedra.
Physical group name bottom has 0 Triangles.
Physical group name bottom has 128 Lines.
Physical group name bottom has 129 Points.
Physical group name gate has 0 Tetrahedra.
Physical group name gate has 0 Triangles.
Physical group name gate has 128 Lines.
Physical group name gate has 129 Points.
Physical group name interface has 0 Tetrahedra.
Physical group name interface has 0 Triangles.
Physical group name interface has 128 Lines.
Physical group name interface has 129 Points.
Physical group name oxide has 0 Tetrahedra.
Physical group name oxide has 8192 Triangles.
Physical group name oxide has 12448 Lines.
Physical group name oxide has 4257 Points.
Physical group name silicon has 0 Tetrahedra.
Physical group name silicon has 24576 Triangles.
Physical group name silicon has 37088 Lines.
Physical group name silicon has 12513 Points.
Device cap has 16641 coordinates with max index 16640
Region oxide has 4257 nodes.
Region silicon has 12513 nodes.
Contact bottom in region silicon with 129 nodes
Contact gate in region oxide with 129 nodes
Adding interface interface with 129, 129 nodes
number of equations 16770
Iteration: 0
  Device: "cap"	RelError: 2.00000e+00	AbsError: 1.00000e+00
    Region: "oxide"	RelError: 1.00000e+00	AbsError: 1.00000e+00
      Equation: "Poisson"	RelError: 1.00000e+00	AbsError: 1.00000e+00
    Region: "silicon"	RelError: 1.00000e+00	AbsError: 7.50000e-01
      Equation: "Poisson"	RelError: 1.00000e+00	AbsError: 7.50000e-01
Iteration: 1
  Device: "cap"	RelError: 5.82222e-13	AbsError: 1.82153e-13
    Region: "oxide"	RelError: 2.07580e-13	AbsError: 1.55685e-13
      Equation: "Poisson"	RelError: 2.07580e-13	AbsError: 1.55685e-13
    Region: "silicon"	RelError: 3.74642e-13	AbsError: 1.82153e-13
      Equation: "Poisson"	RelError: 3.74642e-13	AbsError: 1.82153e-13
