Physical group name boundary has 0 Tetrahedra.
Physical group name boundary has 0 Triangles.
Physical group name boundary has 1024 Lines.
Physical group name boundary has 1024 Points.
Physical group name bulk has 0 Tetrahedra.
Physical group name bulk has 131072 Triangles.
Physical group name bulk has 197120 Lines.
Physical group name bulk has 66049 Points.
Device bench has 66049 coordinates with max index 66048
Region bulk has 66049 nodes.
Contact boundary in region bulk with 1024 nodes
number of equations 66049
Iteration: 0
  Device: "bench"	RelError: 1.00000e+00	AbsError: 1.00001e+00
    Region: "bulk"	RelError: 1.00000e+00	AbsError: 1.00001e+00
      Equation: "Poisson"	RelError: 1.00000e+00	AbsError: 1.00001e+00
Iteration: 1
  Device: "bench"	RelError: 5.58392e-14	AbsError: 3.61665e-14
    Region: "bulk"	RelError: 5.58392e-14	AbsError: 3.61665e-14
      Equation: "Poisson"	RelError: 5.58392e-14	AbsError: 3.61665e-14
Physical group name boundary has 0 Tetrahedra.
Physical group name boundary has 0 Triangles.
Physical group name boundary has 1024 Lines.
Physical group name boundary has 1024 Points.
Physical group name bulk has 0 Tetrahedra.
Physical group name bulk has 131072 Triangles.
Physical group name bulk has 197120 Lines.
Physical group name bulk has 66049 Points.
Device bench has 66049 coordinates with max index 66048
Region bulk has 66049 nodes.
Contact boundary in region bulk with 1024 nodes
number of equations 66049
Iteration: 0
  Device: "bench"	RelError: 1.00000e+00	AbsError: 1.00001e+00
    Region: "bulk"	RelError: 1.00000e+00	AbsError: 1.00001e+00
      Equation: "Poisson"	RelError: 1.00000e+00	AbsError: 1.00001e+00
Iteration: 1
  Device: "bench"	RelError: 5.58392e-14	AbsError: 3.61665e-14
    Region: "bulk"	RelError: 5.58392e-14	AbsError: 3.61665e-14
      Equation: "Poisson"	RelError: 5.58392e-14	AbsError: 3.61665e-14
Physical group name boundary has 0 Tetrahedra.
Physical group name boundary has 0 Triangles.
Physical group name boundary has 1024 Lines.
Physical group name boundary has 1024 Points.
Physical group name bulk has 0 Tetrahedra.
Physical group name bulk has 131072 Triangles.
Physical group name bulk has 197120 Lines.
Physical group name bulk has 66049 Points.
Device bench has 66049 coordinates with max index 66048
Region bulk has 66049 nodes.
Contact boundary in region bulk with 1024 nodes
number of equations 66049
Iteration: 0
  Device: "bench"	RelError: 1.00000e+00	AbsError: 1.00001e+00
    Region: "bulk"	RelError: 1.00000e+00	AbsError: 1.00001e+00
      Equation: "Poisson"	RelError: 1.00000e+00	AbsError: 1.00001e+00
Iteration: 1
  Device: "bench"	RelError: 5.58392e-14	AbsError: 3.61665e-14
    Region: "bulk"	RelError: 5.58392e-14	AbsError: 3.61665e-14
      Equation: "Poisson"	RelError: 5.58392e-14	AbsError: 3.61665e-14
Physical group name boundary has 0 Tetrahedra.
Physical group name boundary has 0 Triangles.
Physical group name boundary has 1024 Lines.
Physical group name boundary has 1024 Points.
Physical group name bulk has 0 Tetrahedra.
Physical group name bulk has 131072 Triangles.
Physical group name bulk has 197120 Lines.
Physical group name bulk has 66049 Points.
Device bench has 66049 coordinates with max index 66048
Region bulk has 66049 nodes.
Contact boundary in region bulk with 1024 nodes
number of equations 66049
Iteration: 0
  Device: "bench"	RelError: 1.00000e+00	AbsError: 1.00001e+00
    Region: "bulk"	RelError: 1.00000e+00	AbsError: 1.00001e+00
      Equation: "Poisson"	RelError: 1.00000e+00	AbsError: 1.00001e+00
Iteration: 1
  Device: "bench"	RelError: 5.58392e-14	AbsError: 3.61665e-14
    Region: "bulk"	RelError: 5.58392e-14	AbsError: 3.61665e-14
      Equation: "Poisson"	RelError: 5.58392e-14	AbsError: 3.61665e-14
Physical group name boundary has 0 Tetrahedra.
Physical group name boundary has 0 Triangles.
Physical group name boundary has 1024 Lines.
Physical group name boundary has 1024 Points.
Physical group name bulk has 0 Tetrahedra.
Physical group name bulk has 131072 Triangles.
Physical group name bulk has 197120 Lines.
Physical group name bulk has 66049 Points.
Device bench has 66049 coordinates with max index 66048
Region bulk has 66049 nodes.
Contact boundary in region bulk with 1024 nodes
number of equations 66049
Iteration: 0
  Device: "bench"	RelError: 1.00000e+00	AbsError: 1.00001e+00
    Region: "bulk"	RelError: 1.00000e+00	AbsError: 1.00001e+00
      Equation: "Poisson"	RelError: 1.00000e+00	AbsError: 1.00001e+00
Iteration: 1
  Device: "bench"	RelError: 5.58392e-14	AbsError: 3.61665e-14
    Region: "bulk"	RelError: 5.58392e-14	AbsError: 3.61665e-14
      Equation: "Poisson"	RelError: 5.58392e-14	AbsError: 3.61665e-14
Physical group name boundary has 0 Tetrahedra.
Physical group name boundary has 0 Triangles.
Physical group name boundary has 1024 Lines.
Physical group name boundary has 1024 Points.
Physical group name bulk has 0 Tetrahedra.
Physical group name bulk has 131072 Triangles.
Physical group name bulk has 197120 Lines.
Physical group name bulk has 66049 Points.
Device bench has 66049 coordinates with max index 66048
Region bulk has 66049 nodes.
Contact boundary in region bulk with 1024 nodes
number of equations 66049
Iteration: 0
  Device: "bench"	RelError: 1.00000e+00	AbsError: 1.00001e+00
    Region: "bulk"	RelError: 1.00000e+00	AbsError: 1.00001e+00
      Equation: "Poisson"	RelError: 1.00000e+00	AbsError: 1.00001e+00
Iteration: 1
  Device: "bench"	RelError: 5.58392e-14	AbsError: 3.61665e-14
    Region: "bulk"	RelError: 5.58392e-14	AbsError: 3.61665e-14
      Equation: "Poisson"	RelError: 5.58392e-14	AbsError: 3.61665e-14
Transforming over 1000 vertices to C_CONTIGUOUS.
Transforming over 1000 elements to C_CONTIGUOUS.
Transforming over 1000 vertices to C_CONTIGUOUS.
Transforming over 1000 elements to C_CONTIGUOUS.
