Physical group name bottom has 0 Tetrahedra.
Physical group name bottom has 0 Triangles.
Physical group name bottom has 256 Lines.
Physical group name bottom has 257 Points.
Physical group name gate has 0 Tetrahedra.
Physical group name gate has 0 Triangles.
Physical group name gate has 256 Lines.
Physical group name gate has 257 Points.
Physical group name interface has 0 Tetrahedra.
Physical group name interface has 0 Triangles.
Physical group name interface has 256 Lines.
Physical group name interface has 257 Points.
Physical group name oxide has 0 Tetrahedra.
Physical group name oxide has 32768 Triangles.
Physical group name oxide has 49472 Lines.
Physical group name oxide has 16705 Points.
Physical group name silicon has 0 Tetrahedra.
Physical group name silicon has 98304 Triangles.
Physical group name silicon has 147904 Lines.
Physical group name silicon has 49601 Points.
Device cap has 66049 coordinates with max index 66048
Region oxide has 16705 nodes.
Region silicon has 49601 nodes.
Contact bottom in region silicon with 257 nodes
Contact gate in region oxide with 257 nodes
Adding interface interface with 257, 257 nodes
number of equations 66306
Iteration: 0
  Device: "cap"	RelError: 2.00000e+00	AbsError: 1.00000e+00
    Region: "oxide"	RelError: 1.00000e+00	AbsError: 1.00000e+00
      Equation: "Poisson"	RelError: 1.00000e+00	AbsError: 1.00000e+00
    Region: "silicon"	RelError: 1.00000e+00	AbsError: 7.50000e-01
      Equation: "Poisson"	RelError: 1.00000e+00	AbsError: 7.50000e-01
Iteration: 1
  Device: "cap"	RelError: 5.03949e-12	AbsError: 1.52307e-12
    Region: "oxide"	RelError: 1.62785e-12	AbsError: 1.22089e-12
      Equation: "Poisson"	RelError: 1.62785e-12	AbsError: 1.22089e-12
    Region: "silicon"	RelError: 3.41164e-12	AbsError: 1.52307e-12
      Equation: "Poisson"	RelError: 3.41164e-12	AbsError: 1.52307e-12
Physical group name bottom has 0 Tetrahedra.
Physical group name bottom has 0 Triangles.
Physical group name bottom has 256 Lines.
Physical group name bottom has 257 Points.
Physical group name gate has 0 Tetrahedra.
Physical group name gate has 0 Triangles.
Physical group name gate has 256 Lines.
Physical group name gate has 257 Points.
Physical group name interface has 0 Tetrahedra.
Physical group name interface has 0 Triangles.
Physical group name interface has 256 Lines.
Physical group name interface has 257 Points.
Physical group name oxide has 0 Tetrahedra.
Physical group name oxide has 32768 Triangles.
Physical group name oxide has 49472 Lines.
Physical group name oxide has 16705 Points.
Physical group name silicon has 0 Tetrahedra.
Physical group name silicon has 98304 Triangles.
Physical group name silicon has 147904 Lines.
Physical group name silicon has 49601 Points.
Device cap has 66049 coordinates with max index 66048
Region oxide has 16705 nodes.
Region silicon has 49601 nodes.
Contact bottom in region silicon with 257 nodes
Contact gate in region oxide with 257 nodes
Adding interface interface with 257, 257 nodes
number of equations 66306
Iteration: 0
  Device: "cap"	RelError: 2.00000e+00	AbsError: 1.00000e+00
    Region: "oxide"	RelError: 1.00000e+00	AbsError: 1.00000e+00
      Equation: "Poisson"	RelError: 1.00000e+00	AbsError: 1.00000e+00
    Region: "silicon"	RelError: 1.00000e+00	AbsError: 7.50000e-01
      Equation: "Poisson"	RelError: 1.00000e+00	AbsError: 7.50000e-01
Iteration: 1
  Device: "cap"	RelError: 5.03949e-12	AbsError: 1.52307e-12
    Region: "oxide"	RelError: 1.62785e-12	AbsError: 1.22089e-12
      Equation: "Poisson"	RelError: 1.62785e-12	AbsError: 1.22089e-12
    Region: "silicon"	RelError: 3.41164e-12	AbsError: 1.52307e-12
      Equation: "Poisson"	RelError: 3.41164e-12	AbsError: 1.52307e-12
Physical group name bottom has 0 Tetrahedra.
Physical group name bottom has 0 Triangles.
Physical group name bottom has 256 Lines.
Physical group name bottom has 257 Points.
Physical group name gate has 0 Tetrahedra.
Physical group name gate has 0 Triangles.
Physical group name gate has 256 Lines.
Physical group name gate has 257 Points.
Physical group name interface has 0 Tetrahedra.
Physical group name interface has 0 Triangles.
Physical group name interface has 256 Lines.
Physical group name interface has 257 Points.
Physical group name oxide has 0 Tetrahedra.
Physical group name oxide has 32768 Triangles.
Physical group name oxide has 49472 Lines.
Physical group name oxide has 16705 Points.
Physical group name silicon has 0 Tetrahedra.
Physical group name silicon has 98304 Triangles.
Physical group name silicon has 147904 Lines.
Physical group name silicon has 49601 Points.
Device cap has 66049 coordinates with max index 66048
Region oxide has 16705 nodes.
Region silicon has 49601 nodes.
Contact bottom in region silicon with 257 nodes
Contact gate in region oxide with 257 nodes
Adding interface interface with 257, 257 nodes
number of equations 66306
Iteration: 0
  Device: "cap"	RelError: 2.00000e+00	AbsError: 1.00000e+00
    Region: "oxide"	RelError: 1.00000e+00	AbsError: 1.00000e+00
      Equation: "Poisson"	RelError: 1.00000e+00	AbsError: 1.00000e+00
    Region: "silicon"	RelError: 1.00000e+00	AbsError: 7.50000e-01
      Equation: "Poisson"	RelError: 1.00000e+00	AbsError: 7.50000e-01
Iteration: 1
  Device: "cap"	RelError: 5.03949e-12	AbsError: 1.52307e-12
    Region: "oxide"	RelError: 1.62785e-12	AbsError: 1.22089e-12
      Equation: "Poisson"	RelError: 1.62785e-12	AbsError: 1.22089e-12
    Region: "silicon"	RelError: 3.41164e-12	AbsError: 1.52307e-12
      Equation: "Poisson"	RelError: 3.41164e-12	AbsError: 1.52307e-12
Physical group name bottom has 0 Tetrahedra.
Physical group name bottom has 0 Triangles.
Physical group name bottom has 256 Lines.
Physical group name bottom has 257 Points.
Physical group name gate has 0 Tetrahedra.
Physical group name gate has 0 Triangles.
Physical group name gate has 256 Lines.
Physical group name gate has 257 Points.
Physical group name interface has 0 Tetrahedra.
Physical group name interface has 0 Triangles.
Physical group name interface has 256 Lines.
Physical group name interface has 257 Points.
Physical group name oxide has 0 Tetrahedra.
Physical group name oxide has 32768 Triangles.
Physical group name oxide has 49472 Lines.
Physical group name oxide has 16705 Points.
Physical group name silicon has 0 Tetrahedra.
Physical group name silicon has 98304 Triangles.
Physical group name silicon has 147904 Lines.
Physical group name silicon has 49601 Points.
Device cap has 66049 coordinates with max index 66048
Region oxide has 16705 nodes.
Region silicon has 49601 nodes.
Contact bottom in region silicon with 257 nodes
Contact gate in region oxide with 257 nodes
Adding interface interface with 257, 257 nodes
number of equations 66306
Iteration: 0
  Device: "cap"	RelError: 2.00000e+00	AbsError: 1.00000e+00
    Region: "oxide"	RelError: 1.00000e+00	AbsError: 1.00000e+00
      Equation: "Poisson"	RelError: 1.00000e+00	AbsError: 1.00000e+00
    Region: "silicon"	RelError: 1.00000e+00	AbsError: 7.50000e-01
      Equation: "Poisson"	RelError: 1.00000e+00	AbsError: 7.50000e-01
Iteration: 1
  Device: "cap"	RelError: 5.03949e-12	AbsError: 1.52307e-12
    Region: "oxide"	RelError: 1.62785e-12	AbsError: 1.22089e-12
      Equation: "Poisson"	RelError: 1.62785e-12	AbsError: 1.22089e-12
    Region: "silicon"	RelError: 3.41164e-12	AbsError: 1.52307e-12
      Equation: "Poisson"	RelError: 3.41164e-12	AbsError: 1.52307e-12
Physical group name bottom has 0 Tetrahedra.
Physical group name bottom has 0 Triangles.
Physical group name bottom has 256 Lines.
Physical group name bottom has 257 Points.
Physical group name gate has 0 Tetrahedra.
Physical group name gate has 0 Triangles.
Physical group name gate has 256 Lines.
Physical group name gate has 257 Points.
Physical group name interface has 0 Tetrahedra.
Physical group name interface has 0 Triangles.
Physical group name interface has 256 Lines.
Physical group name interface has 257 Points.
Physical group name oxide has 0 Tetrahedra.
Physical group name oxide has 32768 Triangles.
Physical group name oxide has 49472 Lines.
Physical group name oxide has 16705 Points.
Physical group name silicon has 0 Tetrahedra.
Physical group name silicon has 98304 Triangles.
Physical group name silicon has 147904 Lines.
Physical group name silicon has 49601 Points.
Device cap has 66049 coordinates with max index 66048
Region oxide has 16705 nodes.
Region silicon has 49601 nodes.
Contact bottom in region silicon with 257 nodes
Contact gate in region oxide with 257 nodes
Adding interface interface with 257, 257 nodes
number of equations 66306
Iteration: 0
  Device: "cap"	RelError: 2.00000e+00	AbsError: 1.00000e+00
    Region: "oxide"	RelError: 1.00000e+00	AbsError: 1.00000e+00
      Equation: "Poisson"	RelError: 1.00000e+00	AbsError: 1.00000e+00
    Region: "silicon"	RelError: 1.00000e+00	AbsError: 7.50000e-01
      Equation: "Poisson"	RelError: 1.00000e+00	AbsError: 7.50000e-01
Iteration: 1
  Device: "cap"	RelError: 5.03949e-12	AbsError: 1.52307e-12
    Region: "oxide"	RelError: 1.62785e-12	AbsError: 1.22089e-12
      Equation: "Poisson"	RelError: 1.62785e-12	AbsError: 1.22089e-12
    Region: "silicon"	RelError: 3.41164e-12	AbsError: 1.52307e-12
      Equation: "Poisson"	RelError: 3.41164e-12	AbsError: 1.52307e-12
Physical group name bottom has 0 Tetrahedra.
Physical group name bottom has 0 Triangles.
Physical group name bottom has 256 Lines.
Physical group name bottom has 257 Points.
Physical group name gate has 0 Tetrahedra.
Physical group name gate has 0 Triangles.
Physical group name gate has 256 Lines.
Physical group name gate has 257 Points.
Physical group name interface has 0 Tetrahedra.
Physical group name interface has 0 Triangles.
Physical group name interface has 256 Lines.
Physical group name interface has 257 Points.
Physical group name oxide has 0 Tetrahedra.
Physical group name oxide has 32768 Triangles.
Physical group name oxide has 49472 Lines.
Physical group name oxide has 16705 Points.
Physical group name silicon has 0 Tetrahedra.
Physical group name silicon has 98304 Triangles.
Physical group name silicon has 147904 Lines.
Physical group name silicon has 49601 Points.
Device cap has 66049 coordinates with max index 66048
Region oxide has 16705 nodes.
Region silicon has 49601 nodes.
Contact bottom in region silicon with 257 nodes
Contact gate in region oxide with 257 nodes
Adding interface interface with 257, 257 nodes
number of equations 66306
Iteration: 0
  Device: "cap"	RelError: 2.00000e+00	AbsError: 1.00000e+00
    Region: "oxide"	RelError: 1.00000e+00	AbsError: 1.00000e+00
      Equation: "Poisson"	RelError: 1.00000e+00	AbsError: 1.00000e+00
    Region: "silicon"	RelError: 1.00000e+00	AbsError: 7.50000e-01
      Equation: "Poisson"	RelError: 1.00000e+00	AbsError: 7.50000e-01
Iteration: 1
  Device: "cap"	RelError: 5.03949e-12	AbsError: 1.52307e-12
    Region: "oxide"	RelError: 1.62785e-12	AbsError: 1.22089e-12
      Equation: "Poisson"	RelError: 1.62785e-12	AbsError: 1.22089e-12
    Region: "silicon"	RelError: 3.41164e-12	AbsError: 1.52307e-12
      Equation: "Poisson"	RelError: 3.41164e-12	AbsError: 1.52307e-12
